[2025/01/26 05:40:38]: §9          __             _       
[2025/01/26 05:40:38]: §9  _ __   / /  ___   __ _(_)_ __  
[2025/01/26 05:40:38]: §9 | '_ \ / /  / _ \ / _` | | '_ \ 
[2025/01/26 05:40:38]: §9 | | | / /__| (_) | (_| | | | | |
[2025/01/26 05:40:38]: §9 |_| |_\____/\___/ \__, |_|_| |_|
[2025/01/26 05:40:38]: §9                  |___/            
[2025/01/26 05:40:38]: §9 By: www.nickuc.com - V 10.3.27
[2025/01/26 05:40:38]: §9 
[2025/01/26 05:40:38]: §3[nLogin] [DEBUG] All settings were loaded in 260 ms.
[2025/01/26 05:40:38]: §3[nLogin] [DEBUG] Loading the messages_en.yml message file...
[2025/01/26 05:40:38]: §3[nLogin] [DEBUG] All plugin messages were loaded in 91 ms (languageByClient=false).
[2025/01/26 05:40:38]: §3[nLogin] [DEBUG] All proxy settings were loaded in 8 ms.
[2025/01/26 05:40:38]: §3[nLogin] [DEBUG] Loading database...
[2025/01/26 05:40:38]: [nLogin] Generating RSA keypair... (this may take a while)
[2025/01/26 05:40:40]: [nLogin] Download finished (took 2376ms, hash = bcdd0d07f4e3098e91cba27994818024b78ad4e137c7b7eb64a04b4aa8b23c2b)
[2025/01/26 05:40:41]: [nLogin] The RSA key pair was successfully generated. Took 2.06s
[2025/01/26 05:40:41]: §3[nLogin] [DEBUG] Starting logger filter...
[2025/01/26 05:40:46]: 
[2025/01/26 05:40:46]:  §bThank you so much for choosing nLogin! §4<3
[2025/01/26 05:40:46]: 
[2025/01/26 05:40:46]:  §4For your safety, please read the message below:
[2025/01/26 05:40:46]:   §cNever download nLogin from unknown sources.
[2025/01/26 05:40:46]:   §cA modified version may contain malicious software.
[2025/01/26 05:40:46]: 
[2025/01/26 05:40:46]:  §3Trusted sources:
[2025/01/26 05:40:46]:   §bwww.nickuc.com
[2025/01/26 05:40:46]:   §bwww.github.com/nickuc
[2025/01/26 05:40:46]:   §bOpeNLogin installer (from Spigot or GitHub)
[2025/01/26 05:40:46]: 
[2025/01/26 05:40:46]:  §3Official support channels:
[2025/01/26 05:40:46]:   §bDiscord group: §fwww.nickuc.com/discord
[2025/01/26 05:40:46]:   §bDocumentation: §fdocs.nickuc.com/nlogin/
[2025/01/26 05:40:46]:   §bEmail: §fsupport@nickuc.com
[2025/01/26 05:40:46]:   §bYouTube: §fyoutube.com/nickuc
[2025/01/26 05:40:46]: 
[2025/01/26 05:40:46]:  §eTo remove this warning, log in with "nlogin.admin" permission on the server
[2025/01/26 05:40:46]:  §eand click the "Setup plugin" button to configure your plugin.
[2025/01/26 05:40:46]: 
[2025/01/26 05:42:09]: §3[nLogin] [DEBUG] [SQLite] [UPDATE]: "INSERT INTO `nlogin` (`last_name`, `unique_id`, `mojang_id`, `bedrock_id`, `password`, `last_ip`, `creation_date`, `last_seen`, `email`, `discord`, `settings`) VALUES ('yukiscratch44', 52324a8ab387333db752d3077aee73e2, null, null, '$2a$10$CNNU.ljDGeTSfgjrsr69peKCtFfKqmzkJsAyVQzNARk.YGHAg4hg2', '0:0:0:0:0:0:0:1%0', '2025-01-26 05:42:08.943', '2025-01-26 05:42:08.943', null, null, null)" (applied to all columns)
[2025/01/26 05:42:09]: [nLogin] The user yukiscratch44 has successfully registered.
[2025/01/26 06:00:50]: §3[nLogin] [DEBUG] [SQLite] [UPDATE]: "UPDATE `nlogin` SET `last_name` = 'yukiscratch44', `unique_id` = 52324a8ab387333db752d3077aee73e2,  `mojang_id` = null,  `bedrock_id` = null,  `password` = '$2a$10$CNNU.ljDGeTSfgjrsr69peKCtFfKqmzkJsAyVQzNARk.YGHAg4hg2', `last_ip` = '0:0:0:0:0:0:0:1%0', `creation_date` = 2025-01-26 05:42:08.943, `last_seen` = 2025-01-26 06:00:50.82, `email` = null, `discord` = null, `settings` = '{"settings":[{"value":"en","key":"language"}],"version":0}' WHERE `ai` = 1" (applied to [last_seen, settings] columns)
[2025/01/26 06:01:02]: §3[nLogin] [DEBUG] [SQLite] [UPDATE]: "UPDATE `nlogin` SET `last_name` = 'yukiscratch44', `unique_id` = 52324a8ab387333db752d3077aee73e2,  `mojang_id` = null,  `bedrock_id` = null,  `password` = '$2a$10$CNNU.ljDGeTSfgjrsr69peKCtFfKqmzkJsAyVQzNARk.YGHAg4hg2', `last_ip` = '0:0:0:0:0:0:0:1%0', `creation_date` = 2025-01-26 05:42:08.943, `last_seen` = 2025-01-26 06:01:02.073, `email` = null, `discord` = null, `settings` = '{"settings":[{"value":"en","key":"language"}],"version":0}' WHERE `ai` = 1" (applied to [last_ip, last_seen, settings] columns)
[2025/01/26 06:01:02]: [nLogin] The user yukiscratch44 has successfully logged in.
[2025/01/26 06:18:17]: §3[nLogin] [DEBUG] [SQLite] [UPDATE]: "UPDATE `nlogin` SET `last_name` = 'yukiscratch44', `unique_id` = 52324a8ab387333db752d3077aee73e2,  `mojang_id` = null,  `bedrock_id` = null,  `password` = '$2a$10$CNNU.ljDGeTSfgjrsr69peKCtFfKqmzkJsAyVQzNARk.YGHAg4hg2', `last_ip` = '0:0:0:0:0:0:0:1%0', `creation_date` = 2025-01-26 05:42:08.943, `last_seen` = 2025-01-26 06:18:17.418, `email` = null, `discord` = null, `settings` = '{"settings":[{"value":"en","key":"language"},{"value":"survival","key":"last-server"}],"version":0}' WHERE `ai` = 1" (applied to [last_seen, settings] columns)
[2025/01/26 06:29:41]: §3[nLogin] [DEBUG] The yukiscratch44 (0:0:0:0:0:0:0:1%0) player entered an incorrect password
[2025/01/26 06:29:50]: §3[nLogin] [DEBUG] [SQLite] [UPDATE]: "UPDATE `nlogin` SET `last_name` = 'yukiscratch44', `unique_id` = 52324a8ab387333db752d3077aee73e2,  `mojang_id` = null,  `bedrock_id` = null,  `password` = '$2a$10$CNNU.ljDGeTSfgjrsr69peKCtFfKqmzkJsAyVQzNARk.YGHAg4hg2', `last_ip` = '0:0:0:0:0:0:0:1%0', `creation_date` = 2025-01-26 05:42:08.943, `last_seen` = 2025-01-26 06:29:50.589, `email` = null, `discord` = null, `settings` = '{"settings":[{"value":"en","key":"language"},{"value":"survival","key":"last-server"}],"version":0}' WHERE `ai` = 1" (applied to [last_ip, last_seen, settings] columns)
[2025/01/26 06:29:50]: [nLogin] The user yukiscratch44 has successfully logged in.
[2025/01/26 07:08:40]: §3[nLogin] [DEBUG] [SQLite] [UPDATE]: "UPDATE `nlogin` SET `last_name` = 'yukiscratch44', `unique_id` = 52324a8ab387333db752d3077aee73e2,  `mojang_id` = null,  `bedrock_id` = null,  `password` = '$2a$10$CNNU.ljDGeTSfgjrsr69peKCtFfKqmzkJsAyVQzNARk.YGHAg4hg2', `last_ip` = '0:0:0:0:0:0:0:1%0', `creation_date` = 2025-01-26 05:42:08.943, `last_seen` = 2025-01-26 07:08:40.171, `email` = null, `discord` = null, `settings` = '{"settings":[{"value":"en","key":"language"},{"value":"survival","key":"last-server"}],"version":0}' WHERE `ai` = 1" (applied to [last_seen, settings] columns)
[2025/01/26 07:09:27]: §3[nLogin] [DEBUG] [SQLite] [UPDATE]: "UPDATE `nlogin` SET `last_name` = 'yukiscratch44', `unique_id` = 52324a8ab387333db752d3077aee73e2,  `mojang_id` = null,  `bedrock_id` = null,  `password` = '$2a$10$CNNU.ljDGeTSfgjrsr69peKCtFfKqmzkJsAyVQzNARk.YGHAg4hg2', `last_ip` = '0:0:0:0:0:0:0:1%0', `creation_date` = 2025-01-26 05:42:08.943, `last_seen` = 2025-01-26 07:09:27.414, `email` = null, `discord` = null, `settings` = '{"settings":[{"value":"en","key":"language"},{"value":"survival","key":"last-server"}],"version":0}' WHERE `ai` = 1" (applied to [last_ip, last_seen, settings] columns)
[2025/01/26 07:09:27]: [nLogin] The user yukiscratch44 has successfully logged in.
[2025/01/26 07:19:04]: §3[nLogin] [DEBUG] [SQLite] [UPDATE]: "UPDATE `nlogin` SET `last_name` = 'yukiscratch44', `unique_id` = 52324a8ab387333db752d3077aee73e2,  `mojang_id` = null,  `bedrock_id` = null,  `password` = '$2a$10$CNNU.ljDGeTSfgjrsr69peKCtFfKqmzkJsAyVQzNARk.YGHAg4hg2', `last_ip` = '0:0:0:0:0:0:0:1%0', `creation_date` = 2025-01-26 05:42:08.943, `last_seen` = 2025-01-26 07:19:04.759, `email` = null, `discord` = null, `settings` = '{"settings":[{"value":"en","key":"language"},{"value":"survival","key":"last-server"}],"version":0}' WHERE `ai` = 1" (applied to [last_seen, settings] columns)
[2025/01/26 07:19:38]: §3[nLogin] [DEBUG] [SQLite] [UPDATE]: "UPDATE `nlogin` SET `last_name` = 'yukiscratch44', `unique_id` = 52324a8ab387333db752d3077aee73e2,  `mojang_id` = null,  `bedrock_id` = null,  `password` = '$2a$10$CNNU.ljDGeTSfgjrsr69peKCtFfKqmzkJsAyVQzNARk.YGHAg4hg2', `last_ip` = '0:0:0:0:0:0:0:1%0', `creation_date` = 2025-01-26 05:42:08.943, `last_seen` = 2025-01-26 07:19:38.343, `email` = null, `discord` = null, `settings` = '{"settings":[{"value":"en","key":"language"},{"value":"survival","key":"last-server"}],"version":0}' WHERE `ai` = 1" (applied to [last_ip, last_seen, settings] columns)
[2025/01/26 07:19:38]: [nLogin] The user yukiscratch44 has successfully logged in.
[2025/01/26 07:26:28]: §3[nLogin] [DEBUG] [SQLite] [UPDATE]: "UPDATE `nlogin` SET `last_name` = 'yukiscratch44', `unique_id` = 52324a8ab387333db752d3077aee73e2,  `mojang_id` = null,  `bedrock_id` = null,  `password` = '$2a$10$CNNU.ljDGeTSfgjrsr69peKCtFfKqmzkJsAyVQzNARk.YGHAg4hg2', `last_ip` = '0:0:0:0:0:0:0:1%0', `creation_date` = 2025-01-26 05:42:08.943, `last_seen` = 2025-01-26 07:26:28.424, `email` = null, `discord` = null, `settings` = '{"settings":[{"value":"en","key":"language"},{"value":"survival","key":"last-server"}],"version":0}' WHERE `ai` = 1" (applied to [last_seen, settings] columns)
[2025/01/26 07:26:37]: §3[nLogin] [DEBUG] [SQLite] [UPDATE]: "UPDATE `nlogin` SET `last_name` = 'yukiscratch44', `unique_id` = 52324a8ab387333db752d3077aee73e2,  `mojang_id` = null,  `bedrock_id` = null,  `password` = '$2a$10$CNNU.ljDGeTSfgjrsr69peKCtFfKqmzkJsAyVQzNARk.YGHAg4hg2', `last_ip` = '0:0:0:0:0:0:0:1%0', `creation_date` = 2025-01-26 05:42:08.943, `last_seen` = 2025-01-26 07:26:37.422, `email` = null, `discord` = null, `settings` = '{"settings":[{"value":"en","key":"language"},{"value":"survival","key":"last-server"}],"version":0}' WHERE `ai` = 1" (applied to [last_ip, last_seen, settings] columns)
[2025/01/26 07:26:37]: [nLogin] The user yukiscratch44 has successfully logged in.
[2025/01/26 07:29:31]: §3[nLogin] [DEBUG] [SQLite] [UPDATE]: "UPDATE `nlogin` SET `last_name` = 'yukiscratch44', `unique_id` = 52324a8ab387333db752d3077aee73e2,  `mojang_id` = null,  `bedrock_id` = null,  `password` = '$2a$10$CNNU.ljDGeTSfgjrsr69peKCtFfKqmzkJsAyVQzNARk.YGHAg4hg2', `last_ip` = '0:0:0:0:0:0:0:1%0', `creation_date` = 2025-01-26 05:42:08.943, `last_seen` = 2025-01-26 07:29:31.17, `email` = null, `discord` = null, `settings` = '{"settings":[{"value":"en","key":"language"},{"value":"survival","key":"last-server"}],"version":0}' WHERE `ai` = 1" (applied to [last_seen, settings] columns)
[2025/01/26 07:29:41]: §3[nLogin] [DEBUG] [SQLite] [UPDATE]: "UPDATE `nlogin` SET `last_name` = 'yukiscratch44', `unique_id` = 52324a8ab387333db752d3077aee73e2,  `mojang_id` = null,  `bedrock_id` = null,  `password` = '$2a$10$CNNU.ljDGeTSfgjrsr69peKCtFfKqmzkJsAyVQzNARk.YGHAg4hg2', `last_ip` = '0:0:0:0:0:0:0:1%0', `creation_date` = 2025-01-26 05:42:08.943, `last_seen` = 2025-01-26 07:29:41.732, `email` = null, `discord` = null, `settings` = '{"settings":[{"value":"en","key":"language"},{"value":"survival","key":"last-server"}],"version":0}' WHERE `ai` = 1" (applied to [last_ip, last_seen, settings] columns)
[2025/01/26 07:29:41]: [nLogin] The user yukiscratch44 has successfully logged in.
[2025/01/26 07:30:22]: §3[nLogin] [DEBUG] [SQLite] [UPDATE]: "UPDATE `nlogin` SET `last_name` = 'yukiscratch44', `unique_id` = 52324a8ab387333db752d3077aee73e2,  `mojang_id` = null,  `bedrock_id` = null,  `password` = '$2a$10$CNNU.ljDGeTSfgjrsr69peKCtFfKqmzkJsAyVQzNARk.YGHAg4hg2', `last_ip` = '0:0:0:0:0:0:0:1%0', `creation_date` = 2025-01-26 05:42:08.943, `last_seen` = 2025-01-26 07:30:22.304, `email` = null, `discord` = null, `settings` = '{"settings":[{"value":"en","key":"language"},{"value":"lobby","key":"last-server"}],"version":0}' WHERE `ai` = 1" (applied to [last_seen, settings] columns)
[2025/01/26 07:31:03]: §3[nLogin] [DEBUG] [SQLite] [UPDATE]: "UPDATE `nlogin` SET `last_name` = 'yukiscratch44', `unique_id` = 52324a8ab387333db752d3077aee73e2,  `mojang_id` = null,  `bedrock_id` = null,  `password` = '$2a$10$CNNU.ljDGeTSfgjrsr69peKCtFfKqmzkJsAyVQzNARk.YGHAg4hg2', `last_ip` = '0:0:0:0:0:0:0:1%0', `creation_date` = 2025-01-26 05:42:08.943, `last_seen` = 2025-01-26 07:31:03.503, `email` = null, `discord` = null, `settings` = '{"settings":[{"value":"en","key":"language"},{"value":"lobby","key":"last-server"}],"version":0}' WHERE `ai` = 1" (applied to [last_ip, last_seen, settings] columns)
[2025/01/26 07:31:03]: [nLogin] The user yukiscratch44 has successfully logged in.
[2025/01/26 07:36:00]: §3[nLogin] [DEBUG] [SQLite] [UPDATE]: "UPDATE `nlogin` SET `last_name` = 'yukiscratch44', `unique_id` = 52324a8ab387333db752d3077aee73e2,  `mojang_id` = null,  `bedrock_id` = null,  `password` = '$2a$10$CNNU.ljDGeTSfgjrsr69peKCtFfKqmzkJsAyVQzNARk.YGHAg4hg2', `last_ip` = '0:0:0:0:0:0:0:1%0', `creation_date` = 2025-01-26 05:42:08.943, `last_seen` = 2025-01-26 07:36:00.143, `email` = null, `discord` = null, `settings` = '{"settings":[{"value":"en","key":"language"},{"value":"survival","key":"last-server"}],"version":0}' WHERE `ai` = 1" (applied to [last_seen, settings] columns)
[2025/01/26 07:40:56]: [nLogin] Update was successfully queued, do not forcibly stop your server. (v10.3.27 c6c611 => v10.3.28 fce384)
[2025/01/26 07:40:56]: [nLogin] Successful plugin core shutdown (took 0.01s)
