[2025/01/26 08:27:44]: §9          __             _       
[2025/01/26 08:27:44]: §9  _ __   / /  ___   __ _(_)_ __  
[2025/01/26 08:27:44]: §9 | '_ \ / /  / _ \ / _` | | '_ \ 
[2025/01/26 08:27:44]: §9 | | | / /__| (_) | (_| | | | | |
[2025/01/26 08:27:44]: §9 |_| |_\____/\___/ \__, |_|_| |_|
[2025/01/26 08:27:44]: §9                  |___/            
[2025/01/26 08:27:44]: §9 By: www.nickuc.com - V 10.3.28
[2025/01/26 08:27:44]: §9 
[2025/01/26 08:27:44]: §3[nLogin] [DEBUG] All settings were loaded in 280 ms.
[2025/01/26 08:27:44]: §3[nLogin] [DEBUG] Loading the messages_en.yml message file...
[2025/01/26 08:27:44]: §3[nLogin] [DEBUG] All plugin messages were loaded in 103 ms (languageByClient=false).
[2025/01/26 08:27:44]: §3[nLogin] [DEBUG] All proxy settings were loaded in 11 ms.
[2025/01/26 08:27:44]: §3[nLogin] [DEBUG] Loading database...
[2025/01/26 08:27:45]: §3[nLogin] [DEBUG] Starting logger filter...
[2025/01/26 08:27:50]: 
[2025/01/26 08:27:50]:  §bThank you so much for choosing nLogin! §4<3
[2025/01/26 08:27:50]: 
[2025/01/26 08:27:50]:  §4For your safety, please read the message below:
[2025/01/26 08:27:50]:   §cNever download nLogin from unknown sources.
[2025/01/26 08:27:50]:   §cA modified version may contain malicious software.
[2025/01/26 08:27:50]: 
[2025/01/26 08:27:50]:  §3Trusted sources:
[2025/01/26 08:27:50]:   §bwww.nickuc.com
[2025/01/26 08:27:50]:   §bwww.github.com/nickuc
[2025/01/26 08:27:50]:   §bOpeNLogin installer (from Spigot or GitHub)
[2025/01/26 08:27:50]: 
[2025/01/26 08:27:50]:  §3Official support channels:
[2025/01/26 08:27:50]:   §bDiscord group: §fwww.nickuc.com/discord
[2025/01/26 08:27:50]:   §bDocumentation: §fdocs.nickuc.com/nlogin/
[2025/01/26 08:27:50]:   §bEmail: §fsupport@nickuc.com
[2025/01/26 08:27:50]:   §bYouTube: §fyoutube.com/nickuc
[2025/01/26 08:27:50]: 
[2025/01/26 08:27:50]:  §eTo remove this warning, log in with "nlogin.admin" permission on the server
[2025/01/26 08:27:50]:  §eand click the "Setup plugin" button to configure your plugin.
[2025/01/26 08:27:50]: 
[2025/01/26 08:32:50]: [nLogin] Successful plugin core shutdown (took 0.00s)
