[12:50:58] [Server thread/INFO]: Starting minecraft server version 1.8.8
[12:50:58] [Server thread/INFO]: Loading properties
[12:50:58] [Server thread/INFO]: Default game type: CREATIVE
[12:50:59] [Server thread/INFO]: This server is running PandaSpigot version git-PandaSpigot-119 (MC: 1.8.8) (Implementing API version 1.8.8-R0.1-SNAPSHOT) (Git: 858ab0f)
[12:50:59] [Server thread/INFO]: Debug logging is disabled
[12:50:59] [Server thread/INFO]: Server Ping Player Sample Count: 12

[12:50:59] [Server thread/INFO]: Spigot Timings: true - Verbose: true - Interval: 5m - Length: 60m
[12:50:59] [Server thread/INFO]: Using 4 threads for Netty based IO
[12:50:59] [Server thread/INFO]: Data value allowed items: 
[12:50:59] [Server thread/INFO]: Generating keypair
[12:51:00] [Server thread/INFO]: Starting Minecraft server on *:25566
[12:51:00] [Server thread/INFO]: Using default channel type
[12:51:00] [Server thread/ERROR]: Could not load 'plugins/EaglerPluginInstaller.jar' in folder 'plugins'
org.bukkit.plugin.InvalidDescriptionException: Invalid plugin.yml
	at org.bukkit.plugin.java.JavaPluginLoader.getPluginDescription(JavaPluginLoader.java:152) ~[patched_1.8.8.jar:git-PandaSpigot-119]
	at org.bukkit.plugin.SimplePluginManager.loadPlugins(SimplePluginManager.java:145) ~[patched_1.8.8.jar:git-PandaSpigot-119]
	at org.bukkit.craftbukkit.v1_8_R3.CraftServer.loadPlugins(CraftServer.java:297) ~[patched_1.8.8.jar:git-PandaSpigot-119]
	at net.minecraft.server.v1_8_R3.DedicatedServer.init(DedicatedServer.java:236) ~[patched_1.8.8.jar:git-PandaSpigot-119]
	at net.minecraft.server.v1_8_R3.MinecraftServer.run(MinecraftServer.java:603) ~[patched_1.8.8.jar:git-PandaSpigot-119]
	at net.minecraft.server.v1_8_R3.MinecraftServer.lambda$spin$0(MinecraftServer.java:133) ~[patched_1.8.8.jar:git-PandaSpigot-119]
	at java.lang.Thread.run(Thread.java:840) [?:?]
Caused by: java.io.FileNotFoundException: Jar does not contain plugin.yml
	... 7 more
[12:51:00] [Server thread/INFO]: Set PluginClassLoader as parallel capable
[12:51:00] [Server thread/ERROR]: Could not load 'plugins/EaglerPluginUpdater.jar' in folder 'plugins'
org.bukkit.plugin.UnknownDependencyException: EaglerPluginInstaller
	at org.bukkit.plugin.SimplePluginManager.loadPlugins(SimplePluginManager.java:230) ~[patched_1.8.8.jar:git-PandaSpigot-119]
	at org.bukkit.craftbukkit.v1_8_R3.CraftServer.loadPlugins(CraftServer.java:297) ~[patched_1.8.8.jar:git-PandaSpigot-119]
	at net.minecraft.server.v1_8_R3.DedicatedServer.init(DedicatedServer.java:236) ~[patched_1.8.8.jar:git-PandaSpigot-119]
	at net.minecraft.server.v1_8_R3.MinecraftServer.run(MinecraftServer.java:603) ~[patched_1.8.8.jar:git-PandaSpigot-119]
	at net.minecraft.server.v1_8_R3.MinecraftServer.lambda$spin$0(MinecraftServer.java:133) ~[patched_1.8.8.jar:git-PandaSpigot-119]
	at java.lang.Thread.run(Thread.java:840) [?:?]
[12:51:01] [Server thread/ERROR]: Could not load 'plugins/CustomEmojis.jar' in folder 'plugins'
org.bukkit.plugin.InvalidPluginException: java.lang.NoClassDefFoundError: me/clip/placeholderapi/expansion/PlaceholderExpansion
	at org.bukkit.plugin.java.JavaPluginLoader.loadPlugin(JavaPluginLoader.java:133) ~[patched_1.8.8.jar:git-PandaSpigot-119]
	at org.bukkit.plugin.SimplePluginManager.loadPlugin(SimplePluginManager.java:340) ~[patched_1.8.8.jar:git-PandaSpigot-119]
	at org.bukkit.plugin.SimplePluginManager.loadPlugins(SimplePluginManager.java:263) ~[patched_1.8.8.jar:git-PandaSpigot-119]
	at org.bukkit.craftbukkit.v1_8_R3.CraftServer.loadPlugins(CraftServer.java:297) ~[patched_1.8.8.jar:git-PandaSpigot-119]
	at net.minecraft.server.v1_8_R3.DedicatedServer.init(DedicatedServer.java:236) ~[patched_1.8.8.jar:git-PandaSpigot-119]
	at net.minecraft.server.v1_8_R3.MinecraftServer.run(MinecraftServer.java:603) ~[patched_1.8.8.jar:git-PandaSpigot-119]
	at net.minecraft.server.v1_8_R3.MinecraftServer.lambda$spin$0(MinecraftServer.java:133) ~[patched_1.8.8.jar:git-PandaSpigot-119]
	at java.lang.Thread.run(Thread.java:840) [?:?]
Caused by: java.lang.NoClassDefFoundError: me/clip/placeholderapi/expansion/PlaceholderExpansion
	at java.lang.Class.forName0(Native Method) ~[?:?]
	at java.lang.Class.forName(Class.java:467) ~[?:?]
	at org.bukkit.plugin.java.PluginClassLoader.<init>(PluginClassLoader.java:65) ~[patched_1.8.8.jar:git-PandaSpigot-119]
	at org.bukkit.plugin.java.JavaPluginLoader.loadPlugin(JavaPluginLoader.java:129) ~[patched_1.8.8.jar:git-PandaSpigot-119]
	... 7 more
Caused by: java.lang.ClassNotFoundException: me.clip.placeholderapi.expansion.PlaceholderExpansion
	at java.net.URLClassLoader.findClass(URLClassLoader.java:445) ~[?:?]
	at org.bukkit.plugin.java.PluginClassLoader.findClass(PluginClassLoader.java:102) ~[patched_1.8.8.jar:git-PandaSpigot-119]
	at org.bukkit.plugin.java.PluginClassLoader.findClass(PluginClassLoader.java:87) ~[patched_1.8.8.jar:git-PandaSpigot-119]
	at java.lang.ClassLoader.loadClass(ClassLoader.java:592) ~[?:?]
	at java.lang.ClassLoader.loadClass(ClassLoader.java:525) ~[?:?]
	at java.lang.Class.forName0(Native Method) ~[?:?]
	at java.lang.Class.forName(Class.java:467) ~[?:?]
	at org.bukkit.plugin.java.PluginClassLoader.<init>(PluginClassLoader.java:65) ~[patched_1.8.8.jar:git-PandaSpigot-119]
	at org.bukkit.plugin.java.JavaPluginLoader.loadPlugin(JavaPluginLoader.java:129) ~[patched_1.8.8.jar:git-PandaSpigot-119]
	... 7 more
[12:51:02] [Server thread/INFO]: [CoreProtect] Loading CoreProtect v2.12.0
[12:51:02] [Server thread/INFO]: [dynmap] Loading dynmap v2.5-Dev201706100405
[12:51:02] [Server thread/INFO]: [dynmap] version=git-PandaSpigot-119 (MC: 1.8.8)
[12:51:02] [Server thread/INFO]: [dynmap] Mod Support API available
[12:51:02] [Server thread/INFO]: [WorldEdit] Loading WorldEdit v6.1.9;caf0ad9
[12:51:02] [Server thread/INFO]: [Lift] Loading Lift v55
[12:51:02] [Server thread/INFO]: [AdvancedBan] Loading AdvancedBan v2.3.0
[12:51:02] [Server thread/INFO]: [DecoHeads] Loading DecoHeads v1.5.1
[12:51:02] [Server thread/INFO]: [Multiverse-Core] Loading Multiverse-Core v2.5-b699
[12:51:02] [Server thread/INFO]: [WorldGuard] Loading WorldGuard v6.1.3-SNAPSHOT;c904242
[12:51:02] [Server thread/INFO]: [CommandTimer] Loading CommandTimer v8.7.5
[12:51:02] [Server thread/INFO]: [ResourcePackApi] Loading ResourcePackApi v2.2.1
[12:51:02] [Server thread/INFO]: [ResourcePackApi] Using class 'class org.inventivetalent.rpapi.packet.PacketPlayResourcePackStatus_v1_8_R3'.
[12:51:02] [Server thread/INFO]: [Citizens] Loading Citizens v2.0.32-SNAPSHOT (build 3188)
[12:51:02] [Server thread/INFO]: [PluginPortal] Loading PluginPortal v2.0.4
[12:51:02] [Server thread/INFO]: [Multiverse-Inventories] Loading Multiverse-Inventories v2.5.0-SNAPSHOT-b418
[12:51:02] [Server thread/INFO]: [ImageOnMap] Loading ImageOnMap v2.99
[12:51:02] [Server thread/INFO]: [ViaVersion] Loading ViaVersion v5.0.0
[12:51:02] [Server thread/INFO]: [ViaVersion] ViaVersion 5.0.0 is now loaded. Registering protocol transformers and injecting...
[12:51:03] [Via-Mappingloader-0/INFO]: [ViaVersion] Loading block connection mappings ...
[12:51:03] [Server thread/INFO]: [ViaBackwards] Loading translations...
[12:51:03] [Server thread/INFO]: [ViaBackwards] Registering protocols...
[12:51:04] [Server thread/INFO]: [ViaRewind] Registering protocols...
[12:51:04] [Server thread/INFO]: [Multiverse-Portals] Loading Multiverse-Portals v2.5-b725
[12:51:04] [Server thread/INFO]: [ViaBackwards] Loading ViaBackwards v5.0.0
[12:51:04] [Server thread/INFO]: [ViaRewind] Loading ViaRewind v4.0.0
[12:51:04] [Server thread/INFO]: [LuckPerms] Loading LuckPerms v5.4.134
[12:51:04] [Server thread/INFO]: [ViaRewind-Legacy-Support] Loading ViaRewind-Legacy-Support v1.5.1
[12:51:04] [Server thread/INFO]: [DiscordSRV] Loading DiscordSRV v1.29.0
[12:51:04] [Server thread/INFO]: [EmojiChat] Loading EmojiChat v1.8.3
[12:51:04] [Server thread/INFO]: [Multiverse-NetherPortals] Loading Multiverse-NetherPortals v2.5-b675
[12:51:04] [Server thread/INFO]: [LPC] Loading LPC v3.6.0
[12:51:04] [Server thread/INFO]: [ViaRewind] Enabling ViaRewind v4.0.0
[12:51:04] [Server thread/INFO]: [LuckPerms] Enabling LuckPerms v5.4.134
[12:51:05] [Server thread/INFO]:         __    
[12:51:05] [Server thread/INFO]:   |    |__)   LuckPerms v5.4.134
[12:51:05] [Server thread/INFO]:   |___ |      Running on Bukkit - PandaSpigot
[12:51:05] [Server thread/INFO]: 
[12:51:05] [Server thread/INFO]: [LuckPerms] Loading configuration...
[12:51:06] [Server thread/INFO]: [LuckPerms] Loading storage provider... [H2]
[12:51:07] [Server thread/INFO]: [LuckPerms] Loading internal permission managers...
[12:51:07] [Server thread/INFO]: [LuckPerms] Performing initial data load...
[12:51:07] [Server thread/INFO]: [LuckPerms] Successfully enabled. (took 2497ms)
[12:51:07] [Server thread/WARN]: **** SERVER IS RUNNING IN OFFLINE/INSECURE MODE!
[12:51:07] [Server thread/WARN]: The server will make no attempt to authenticate usernames. Beware.
[12:51:07] [Server thread/WARN]: Whilst this makes it possible to use BungeeCord, unless access to your server is properly restricted, it also opens up the ability for hackers to connect with any username they choose.
[12:51:07] [Server thread/WARN]: Please see http://www.spigotmc.org/wiki/firewall-guide/ for further information.
[12:51:07] [Server thread/WARN]: To change this, set "online-mode" to "true" in the server.properties file.
[12:51:07] [Server thread/INFO]: **** Beginning UUID conversion, this may take A LONG time ****
[12:51:07] [Server thread/INFO]: Preparing level "world"
[12:51:07] [Server thread/INFO]: -------- World Settings For [world] --------
[12:51:07] [Server thread/INFO]: Chunks to Grow per Tick: 650
[12:51:07] [Server thread/INFO]: Clear tick list: false
[12:51:07] [Server thread/INFO]: Experience Merge Radius: 3.0
[12:51:07] [Server thread/INFO]: Mob Spawn Range: 4
[12:51:07] [Server thread/INFO]: Entity Activation Range: An 32 / Mo 32 / Mi 16
[12:51:07] [Server thread/INFO]: Entity Tracking Range: Pl 48 / An 48 / Mo 48 / Mi 32 / Other 64
[12:51:07] [Server thread/INFO]: Hopper Transfer: 8 Hopper Check: 8 Hopper Amount: 1
[12:51:07] [Server thread/INFO]: Random Lighting Updates: false
[12:51:07] [Server thread/INFO]: Structure Info Saving: true
[12:51:07] [Server thread/INFO]: Sending up to 10 chunks per packet
[12:51:07] [Server thread/INFO]: Nerfing mobs spawned from spawners: false
[12:51:07] [Server thread/INFO]: Cactus Growth Modifier: 100%
[12:51:07] [Server thread/INFO]: Cane Growth Modifier: 100%
[12:51:07] [Server thread/INFO]: Melon Growth Modifier: 100%
[12:51:07] [Server thread/INFO]: Mushroom Growth Modifier: 100%
[12:51:07] [Server thread/INFO]: Pumpkin Growth Modifier: 100%
[12:51:07] [Server thread/INFO]: Sapling Growth Modifier: 100%
[12:51:07] [Server thread/INFO]: Wheat Growth Modifier: 100%
[12:51:07] [Server thread/INFO]: NetherWart Growth Modifier: 100%
[12:51:07] [Server thread/INFO]: Anti X-Ray: true
[12:51:07] [Server thread/INFO]: 	Engine Mode: 1
[12:51:07] [Server thread/INFO]: 	Hidden Blocks: [14, 15, 16, 21, 48, 49, 54, 56, 73, 74, 82, 129, 130]
[12:51:07] [Server thread/INFO]: 	Replace Blocks: [1, 5]
[12:51:07] [Server thread/INFO]: Max Entity Collisions: 8
[12:51:07] [Server thread/INFO]: Custom Map Seeds:  Village: 10387312 Feature: 14357617
[12:51:07] [Server thread/INFO]: Max TNT Explosions: 100
[12:51:07] [Server thread/INFO]: Tile Max Tick Time: 50ms Entity max Tick Time: 50ms
[12:51:07] [Server thread/INFO]: Item Despawn Rate: 6000
[12:51:07] [Server thread/INFO]: Item Merge Radius: 2.5
[12:51:07] [Server thread/INFO]: Arrow Despawn Rate: 1200
[12:51:07] [Server thread/INFO]: Allow Zombie Pigmen to spawn from portal blocks: true
[12:51:07] [Server thread/INFO]: View Distance: 10
[12:51:07] [Server thread/INFO]: Zombie Aggressive Towards Villager: true
[12:51:07] [Server thread/INFO]: -------- World Settings For [world] --------
[12:51:07] [Server thread/INFO]: Keep spawn chunk loaded: true
[12:51:07] [Server thread/INFO]: WorldServer TickNextTick cap set at 10000
[12:51:07] [Server thread/INFO]: WorldServer TickNextTickList cap always processes redstone: false
[12:51:07] [Server thread/INFO]: World async lighting: false
[12:51:07] [Server thread/INFO]: Remove invalid mob spawner tile entities: true
[12:51:07] [Server thread/INFO]: Living Entity Despawn Ranges:  Soft: 32 Hard: 128
[12:51:07] [Server thread/INFO]: Player blocking damage multiplier set to 0.5
[12:51:07] [Server thread/INFO]: Squids will spawn between Y: 45.0 and Y: 63.0
[12:51:07] [Server thread/INFO]: Max height for cactus growth 3. Max height for reed growth 3
[12:51:07] [Server thread/INFO]: Water over lava flow speed: 5
[12:51:07] [Server thread/INFO]: Fix TNT cannons: false
[12:51:07] [Server thread/INFO]: Allow undead horse types to be leashed: false
[12:51:07] [Server thread/INFO]: -------- World Settings For [world_nether] --------
[12:51:07] [Server thread/INFO]: Chunks to Grow per Tick: 650
[12:51:07] [Server thread/INFO]: Clear tick list: false
[12:51:07] [Server thread/INFO]: Experience Merge Radius: 3.0
[12:51:07] [Server thread/INFO]: Mob Spawn Range: 4
[12:51:07] [Server thread/INFO]: Entity Activation Range: An 32 / Mo 32 / Mi 16
[12:51:07] [Server thread/INFO]: Entity Tracking Range: Pl 48 / An 48 / Mo 48 / Mi 32 / Other 64
[12:51:07] [Server thread/INFO]: Hopper Transfer: 8 Hopper Check: 8 Hopper Amount: 1
[12:51:07] [Server thread/INFO]: Random Lighting Updates: false
[12:51:07] [Server thread/INFO]: Structure Info Saving: true
[12:51:07] [Server thread/INFO]: Sending up to 10 chunks per packet
[12:51:07] [Server thread/INFO]: Nerfing mobs spawned from spawners: false
[12:51:07] [Server thread/INFO]: Cactus Growth Modifier: 100%
[12:51:07] [Server thread/INFO]: Cane Growth Modifier: 100%
[12:51:07] [Server thread/INFO]: Melon Growth Modifier: 100%
[12:51:07] [Server thread/INFO]: Mushroom Growth Modifier: 100%
[12:51:07] [Server thread/INFO]: Pumpkin Growth Modifier: 100%
[12:51:07] [Server thread/INFO]: Sapling Growth Modifier: 100%
[12:51:07] [Server thread/INFO]: Wheat Growth Modifier: 100%
[12:51:07] [Server thread/INFO]: NetherWart Growth Modifier: 100%
[12:51:07] [Server thread/INFO]: Anti X-Ray: true
[12:51:07] [Server thread/INFO]: 	Engine Mode: 1
[12:51:07] [Server thread/INFO]: 	Hidden Blocks: [14, 15, 16, 21, 48, 49, 54, 56, 73, 74, 82, 129, 130]
[12:51:07] [Server thread/INFO]: 	Replace Blocks: [1, 5]
[12:51:07] [Server thread/INFO]: Max Entity Collisions: 8
[12:51:07] [Server thread/INFO]: Custom Map Seeds:  Village: 10387312 Feature: 14357617
[12:51:07] [Server thread/INFO]: Max TNT Explosions: 100
[12:51:07] [Server thread/INFO]: Tile Max Tick Time: 50ms Entity max Tick Time: 50ms
[12:51:07] [Server thread/INFO]: Item Despawn Rate: 6000
[12:51:07] [Server thread/INFO]: Item Merge Radius: 2.5
[12:51:07] [Server thread/INFO]: Arrow Despawn Rate: 1200
[12:51:07] [Server thread/INFO]: Allow Zombie Pigmen to spawn from portal blocks: true
[12:51:07] [Server thread/INFO]: View Distance: 10
[12:51:07] [Server thread/INFO]: Zombie Aggressive Towards Villager: true
[12:51:07] [Server thread/INFO]: -------- World Settings For [world_nether] --------
[12:51:07] [Server thread/INFO]: Keep spawn chunk loaded: true
[12:51:07] [Server thread/INFO]: WorldServer TickNextTick cap set at 10000
[12:51:07] [Server thread/INFO]: WorldServer TickNextTickList cap always processes redstone: false
[12:51:07] [Server thread/INFO]: World async lighting: false
[12:51:07] [Server thread/INFO]: Remove invalid mob spawner tile entities: true
[12:51:07] [Server thread/INFO]: Living Entity Despawn Ranges:  Soft: 32 Hard: 128
[12:51:07] [Server thread/INFO]: Player blocking damage multiplier set to 0.5
[12:51:07] [Server thread/INFO]: Squids will spawn between Y: 45.0 and Y: 63.0
[12:51:07] [Server thread/INFO]: Max height for cactus growth 3. Max height for reed growth 3
[12:51:07] [Server thread/INFO]: Water over lava flow speed: 5
[12:51:07] [Server thread/INFO]: Fix TNT cannons: false
[12:51:07] [Server thread/INFO]: Allow undead horse types to be leashed: false
[12:51:07] [Server thread/INFO]: -------- World Settings For [world_the_end] --------
[12:51:07] [Server thread/INFO]: Chunks to Grow per Tick: 650
[12:51:07] [Server thread/INFO]: Clear tick list: false
[12:51:07] [Server thread/INFO]: Experience Merge Radius: 3.0
[12:51:07] [Server thread/INFO]: Mob Spawn Range: 4
[12:51:07] [Server thread/INFO]: Entity Activation Range: An 32 / Mo 32 / Mi 16
[12:51:07] [Server thread/INFO]: Entity Tracking Range: Pl 48 / An 48 / Mo 48 / Mi 32 / Other 64
[12:51:07] [Server thread/INFO]: Hopper Transfer: 8 Hopper Check: 8 Hopper Amount: 1
[12:51:07] [Server thread/INFO]: Random Lighting Updates: false
[12:51:07] [Server thread/INFO]: Structure Info Saving: true
[12:51:07] [Server thread/INFO]: Sending up to 10 chunks per packet
[12:51:07] [Server thread/INFO]: Nerfing mobs spawned from spawners: false
[12:51:07] [Server thread/INFO]: Cactus Growth Modifier: 100%
[12:51:07] [Server thread/INFO]: Cane Growth Modifier: 100%
[12:51:07] [Server thread/INFO]: Melon Growth Modifier: 100%
[12:51:07] [Server thread/INFO]: Mushroom Growth Modifier: 100%
[12:51:07] [Server thread/INFO]: Pumpkin Growth Modifier: 100%
[12:51:07] [Server thread/INFO]: Sapling Growth Modifier: 100%
[12:51:07] [Server thread/INFO]: Wheat Growth Modifier: 100%
[12:51:07] [Server thread/INFO]: NetherWart Growth Modifier: 100%
[12:51:07] [Server thread/INFO]: Anti X-Ray: true
[12:51:07] [Server thread/INFO]: 	Engine Mode: 1
[12:51:07] [Server thread/INFO]: 	Hidden Blocks: [14, 15, 16, 21, 48, 49, 54, 56, 73, 74, 82, 129, 130]
[12:51:07] [Server thread/INFO]: 	Replace Blocks: [1, 5]
[12:51:07] [Server thread/INFO]: Max Entity Collisions: 8
[12:51:07] [Server thread/INFO]: Custom Map Seeds:  Village: 10387312 Feature: 14357617
[12:51:07] [Server thread/INFO]: Max TNT Explosions: 100
[12:51:07] [Server thread/INFO]: Tile Max Tick Time: 50ms Entity max Tick Time: 50ms
[12:51:07] [Server thread/INFO]: Item Despawn Rate: 6000
[12:51:07] [Server thread/INFO]: Item Merge Radius: 2.5
[12:51:07] [Server thread/INFO]: Arrow Despawn Rate: 1200
[12:51:07] [Server thread/INFO]: Allow Zombie Pigmen to spawn from portal blocks: true
[12:51:07] [Server thread/INFO]: View Distance: 10
[12:51:07] [Server thread/INFO]: Zombie Aggressive Towards Villager: true
[12:51:07] [Server thread/INFO]: -------- World Settings For [world_the_end] --------
[12:51:07] [Server thread/INFO]: Keep spawn chunk loaded: true
[12:51:07] [Server thread/INFO]: WorldServer TickNextTick cap set at 10000
[12:51:07] [Server thread/INFO]: WorldServer TickNextTickList cap always processes redstone: false
[12:51:07] [Server thread/INFO]: World async lighting: false
[12:51:07] [Server thread/INFO]: Remove invalid mob spawner tile entities: true
[12:51:07] [Server thread/INFO]: Living Entity Despawn Ranges:  Soft: 32 Hard: 128
[12:51:07] [Server thread/INFO]: Player blocking damage multiplier set to 0.5
[12:51:07] [Server thread/INFO]: Squids will spawn between Y: 45.0 and Y: 63.0
[12:51:07] [Server thread/INFO]: Max height for cactus growth 3. Max height for reed growth 3
[12:51:07] [Server thread/INFO]: Water over lava flow speed: 5
[12:51:07] [Server thread/INFO]: Fix TNT cannons: false
[12:51:07] [Server thread/INFO]: Allow undead horse types to be leashed: false
[12:51:07] [Server thread/INFO]: Preparing start region for level 0 (Seed: -1371041433105306628)
[12:51:08] [Server thread/INFO]: Preparing start region for level 1 (Seed: -1371041433105306628)
[12:51:09] [Server thread/INFO]: Preparing spawn area: 45%
[12:51:10] [Server thread/INFO]: Preparing start region for level 2 (Seed: -1371041433105306628)
[12:51:10] [Server thread/INFO]: [CoreProtect] Enabling CoreProtect v2.12.0
[12:51:11] [Server thread/INFO]: CoreProtect version 2.12.0 is enabled!

[12:51:11] [Server thread/INFO]: [CoreProtect] Using SQLite for data storage.

[12:51:11] [Server thread/INFO]: [dynmap] Enabling dynmap v2.5-Dev201706100405
[12:51:11] [Server thread/INFO]: [dynmap] Using Bukkit Permissions (superperms) for access control
[12:51:11] [Server thread/INFO]: [dynmap] Web interface permissions only available for online users
[12:51:11] [Server thread/INFO]: [dynmap] Mod Support processing completed
[12:51:12] [Server thread/INFO]: [dynmap] Loaded 23 shaders.
[12:51:12] [Server thread/INFO]: [dynmap] Loaded 82 perspectives.
[12:51:12] [Server thread/INFO]: [dynmap] Loaded 14 lightings.
[12:51:12] [Server thread/ERROR]: [dynmap] Failed to start WebServer on address 0.0.0.0:8123 : Address already in use
[12:51:12] [Server thread/INFO]: [dynmap] version 2.5-Dev201706100405 is enabled - core version 2.5-Dev201706100401
[12:51:12] [Server thread/INFO]: [dynmap] Loaded 3 maps of world 'world'.
[12:51:12] [Server thread/INFO]: [dynmap] Loaded 2 maps of world 'world_nether'.
[12:51:12] [Server thread/INFO]: [dynmap] Loaded 2 maps of world 'world_the_end'.
[12:51:12] [Server thread/INFO]: [dynmap] Enabled
[12:51:12] [Server thread/INFO]: [WorldEdit] Enabling WorldEdit v6.1.9;caf0ad9
[12:51:13] [Server thread/INFO]: WEPIF: Using the Bukkit Permissions API.
[12:51:13] [Server thread/INFO]: [WorldEdit] Using com.sk89q.worldedit.bukkit.adapter.impl.Spigot_v1_8_R3 as the Bukkit adapter
[12:51:13] [Server thread/INFO]: [Lift] Enabling Lift v55
[12:51:13] [Server thread/INFO]: Lift v55 is now enabled!

[12:51:13] [Server thread/INFO]: [AdvancedBan] Enabling AdvancedBan v2.3.0
[12:51:13] [Server thread/INFO]: HikariPool-1 - Starting...
[12:51:14] [Server thread/INFO]: HikariPool-1 - Driver does not support get/set network timeout for connections. (feature not supported)
[12:51:14] [Server thread/INFO]: HikariPool-1 - Start completed.
[12:51:14] [Server thread/INFO]: 
 
[]=====[Enabling AdvancedBan]=====[]
| Information:
|   Name: AdvancedBan
|   Developer: Leoko
|   Version: 2.3.0
|   Storage: HSQLDB (local)
| Support:
|   Github: https://github.com/DevLeoko/AdvancedBan/issues
|   Discord: https://discord.gg/ycDG6rS
| Twitter: @LeokoGar
| Update:
|   You have the newest version
[]================================[]
 
[12:51:14] [Server thread/INFO]: [DecoHeads] Enabling DecoHeads v1.5.1
[12:51:14] [Server thread/WARN]: [DecoHeads] Failed to find an economy plugin! Disabling economy mode, please re-enable once you have installed an economy plugin.
[12:51:14] [Server thread/INFO]: [Multiverse-Core] Enabling Multiverse-Core v2.5-b699
[12:51:14] [Server thread/INFO]: [Multiverse-Core] 3 - World(s) loaded.
[12:51:14] [Server thread/INFO]: [Multiverse-Core] Version 2.5-b699 (API v19) Enabled - By Rigby, fernferret, lithium3141 and main--
[12:51:14] [Server thread/INFO]: [WorldGuard] Enabling WorldGuard v6.1.3-SNAPSHOT;c904242
[12:51:15] [Server thread/INFO]: [WorldGuard] (world) TNT ignition is PERMITTED.
[12:51:15] [Server thread/INFO]: [WorldGuard] (world) Lighters are PERMITTED.
[12:51:15] [Server thread/INFO]: [WorldGuard] (world) Lava fire is blocked.
[12:51:15] [Server thread/INFO]: [WorldGuard] (world) Fire spread is UNRESTRICTED.
[12:51:15] [Server thread/INFO]: [WorldGuard] Loaded configuration for world 'world'
[12:51:15] [Server thread/INFO]: [WorldGuard] (world_nether) TNT ignition is PERMITTED.
[12:51:15] [Server thread/INFO]: [WorldGuard] (world_nether) Lighters are PERMITTED.
[12:51:15] [Server thread/INFO]: [WorldGuard] (world_nether) Lava fire is blocked.
[12:51:15] [Server thread/INFO]: [WorldGuard] (world_nether) Fire spread is UNRESTRICTED.
[12:51:15] [Server thread/INFO]: [WorldGuard] Loaded configuration for world 'world_nether'
[12:51:15] [Server thread/INFO]: [WorldGuard] (world_the_end) TNT ignition is PERMITTED.
[12:51:15] [Server thread/INFO]: [WorldGuard] (world_the_end) Lighters are PERMITTED.
[12:51:15] [Server thread/INFO]: [WorldGuard] (world_the_end) Lava fire is blocked.
[12:51:15] [Server thread/INFO]: [WorldGuard] (world_the_end) Fire spread is UNRESTRICTED.
[12:51:15] [Server thread/INFO]: [WorldGuard] Loaded configuration for world 'world_the_end'
[12:51:15] [Server thread/INFO]: [WorldGuard] Loading region data...
[12:51:15] [Server thread/INFO]: [CommandTimer] Enabling CommandTimer v8.7.5
[12:51:15] [Server thread/INFO]: [CommandTimer] Server time : 12:51:15
[12:51:15] [Server thread/INFO]: [CommandTimer] Server day : MONDAY
[12:51:15] [Server thread/INFO]: [CommandTimer] 8.7.5 loaded!
[12:51:15] [Server thread/INFO]: [ResourcePackApi] Enabling ResourcePackApi v2.2.1
[12:51:15] [Server thread/INFO]: [RPApi] Metrics started.

[12:51:15] [Server thread/INFO]: [Citizens] Enabling Citizens v2.0.32-SNAPSHOT (build 3188)
[12:51:15] [Server thread/INFO]: [Citizens] Loading external libraries
[12:51:15] [Thread-21/INFO]: [CommandTimer] Checking for update...
[12:51:15] [Thread-21/INFO]: [CommandTimer] Update found!
[12:51:16] [Server thread/INFO]: [PluginPortal] Enabling PluginPortal v2.0.4
[12:51:17] [Server thread/INFO]: [PluginPortal] ====================================================
[12:51:17] [Server thread/INFO]: [PluginPortal]  PluginPortal works better if you use Paper 
[12:51:17] [Server thread/INFO]: [PluginPortal]  as your server software. 
[12:51:17] [Server thread/INFO]: [PluginPortal]   
[12:51:17] [Server thread/INFO]: [PluginPortal]  Paper offers significant performance improvements,
[12:51:17] [Server thread/INFO]: [PluginPortal]  bug fixes, security enhancements and optional
[12:51:17] [Server thread/INFO]: [PluginPortal]  features for server owners to enhance their server.
[12:51:17] [Server thread/INFO]: [PluginPortal]   
[12:51:17] [Server thread/INFO]: [PluginPortal]  Paper includes Timings v2, which is significantly
[12:51:17] [Server thread/INFO]: [PluginPortal]  better at diagnosing lag problems over v1.
[12:51:17] [Server thread/INFO]: [PluginPortal]   
[12:51:17] [Server thread/INFO]: [PluginPortal]  All of your plugins should still work, and the
[12:51:17] [Server thread/INFO]: [PluginPortal]  Paper community will gladly help you fix any issues.
[12:51:17] [Server thread/INFO]: [PluginPortal]   
[12:51:17] [Server thread/INFO]: [PluginPortal]  Join the Paper Community @ https://papermc.io
[12:51:17] [Server thread/INFO]: [PluginPortal] ====================================================
[12:51:17] [Server thread/INFO]: [Multiverse-Inventories] Enabling Multiverse-Inventories v2.5.0-SNAPSHOT-b418
[12:51:17] [Server thread/ERROR]: [Multiverse-Inventories] Your Multiverse-Core is OUT OF DATE
[12:51:17] [Server thread/ERROR]: [Multiverse-Inventories] This version of Multiverse-Inventories requires Protocol Level: 20
[12:51:17] [Server thread/ERROR]: [Multiverse-Inventories] Your of Core Protocol Level is: 19
[12:51:17] [Server thread/ERROR]: [Multiverse-Inventories] Grab an updated copy at: 
[12:51:17] [Server thread/ERROR]: [Multiverse-Inventories] http://bukkit.onarandombox.com/?dir=multiverse-core
[12:51:17] [Server thread/INFO]: [Multiverse-Inventories] Disabling Multiverse-Inventories v2.5.0-SNAPSHOT-b418
[12:51:17] [Server thread/INFO]: [ImageOnMap] Enabling ImageOnMap v2.99
[12:51:17] [Server thread/WARN]: [ImageOnMap] Invalid value for configuration field 'lang' : 'en_US'.
[12:51:17] [Server thread/WARN]: [ImageOnMap] 	Reason : Illegal language tag : Invalid subtag: en_US [at index 0]
[12:51:17] [Server thread/WARN]: [ImageOnMap] Some configuration values are invalid. Please check your configuration file.
[12:51:17] [Server thread/INFO]: [ImageOnMap] Loaded 1 player map files.
[12:51:17] [Server thread/INFO]: [ViaVersion] Enabling ViaVersion v5.0.0
[12:51:17] [Server thread/INFO]: [Multiverse-Portals] Enabling Multiverse-Portals v2.5-b725
[12:51:17] [Server thread/INFO]: [Multiverse-Portals] - Version 2.5-b725 Enabled - By Rigby and fernferret
[12:51:17] [Server thread/INFO]: [MVPLogging] 0 - Portals(s) loaded
[12:51:17] [Server thread/INFO]: [Multiverse-Portals] Found WorldEdit. Using it for selections.
[12:51:17] [Server thread/INFO]: [ViaBackwards] Enabling ViaBackwards v5.0.0
[12:51:17] [Server thread/INFO]: [ViaRewind-Legacy-Support] Enabling ViaRewind-Legacy-Support v1.5.1
[12:51:17] [Server thread/INFO]: [DiscordSRV] Enabling DiscordSRV v1.29.0
[12:51:17] [Server thread/INFO]: [EmojiChat] Enabling EmojiChat v1.8.3
[12:51:17] [Server thread/INFO]: [DiscordSRV] API listener io.github.radbuilder.emojichat.hooks.DiscordSrvHook subscribed (2 methods)
[12:51:17] [Server thread/INFO]: [EmojiChat] Hooked DiscordSRV
[12:51:18] [Server thread/INFO]: [Multiverse-NetherPortals] Enabling Multiverse-NetherPortals v2.5-b675
[12:51:18] [Server thread/INFO]: [Multiverse-NetherPortals] - Version 2.5-b675 Enabled - By Rigby and fernferret
[12:51:18] [Server thread/INFO]: [LPC] Enabling LPC v3.6.0
[12:51:18] [Server thread/INFO]: Server permissions file permissions.yml is empty, ignoring it
[12:51:18] [pool-28-thread-1/INFO]: [DiscordSRV] DiscordSRV is up-to-date. (9d4734818ab27069d76f264a4cda74a699806770)
[12:51:18] [Server thread/INFO]: Done (10.932s)! For help, type "help" or "?"
[12:51:18] [Server thread/INFO]: Timings Reset
[12:51:18] [Server thread/INFO]: [ViaVersion] ViaVersion detected server version: 1.8.x (47)
[12:51:18] [Server thread/WARN]: [ViaVersion] This version of Minecraft is extremely outdated and support for it has reached its end of life. You will still be able to run Via on this Minecraft version, but we are unlikely to provide any further fixes or help with problems specific to legacy Minecraft versions. Please consider updating to give your players a better experience and to avoid issues that have long been fixed.
[12:51:18] [Server thread/INFO]: [Citizens] Loaded 0 NPCs.
[12:51:18] [Craft Scheduler Thread - 2/INFO]: [ViaVersion] Finished mapping loading, shutting down loader executor!
[12:51:18] [Server thread/WARN]: [ViaVersion] There is a newer plugin version available: 5.2.1, you're on: 5.0.0
[12:51:29] [DiscordSRV - Initialization/ERROR]: [DiscordSRV] An unknown error occurred building JDA...
[12:51:29] [DiscordSRV - Initialization/ERROR]: [DiscordSRV] java.lang.IllegalStateException: Could not acquire lock in a reasonable timeframe! (10 seconds)
[12:51:29] [DiscordSRV - Initialization/ERROR]: [DiscordSRV] 	at github.scarsz.discordsrv.dependencies.jda.api.utils.MiscUtil.tryLock(MiscUtil.java:169)
[12:51:29] [DiscordSRV - Initialization/ERROR]: [DiscordSRV] 	at github.scarsz.discordsrv.dependencies.jda.api.utils.MiscUtil.locked(MiscUtil.java:131)
[12:51:29] [DiscordSRV - Initialization/ERROR]: [DiscordSRV] 	at github.scarsz.discordsrv.dependencies.jda.internal.requests.ratelimit.BotRateLimiter.stop(BotRateLimiter.java:169)
[12:51:29] [DiscordSRV - Initialization/ERROR]: [DiscordSRV] 	at github.scarsz.discordsrv.dependencies.jda.internal.requests.Requester.stop(Requester.java:322)
[12:51:29] [DiscordSRV - Initialization/ERROR]: [DiscordSRV] 	at github.scarsz.discordsrv.dependencies.jda.internal.JDAImpl.shutdownInternals(JDAImpl.java:742)
[12:51:29] [DiscordSRV - Initialization/ERROR]: [DiscordSRV] 	at github.scarsz.discordsrv.dependencies.jda.internal.JDAImpl.shutdown(JDAImpl.java:723)
[12:51:29] [DiscordSRV - Initialization/ERROR]: [DiscordSRV] 	at github.scarsz.discordsrv.dependencies.jda.internal.JDAImpl.shutdownNow(JDAImpl.java:712)
[12:51:29] [DiscordSRV - Initialization/ERROR]: [DiscordSRV] 	at github.scarsz.discordsrv.dependencies.jda.internal.JDAImpl.verifyToken(JDAImpl.java:379)
[12:51:29] [DiscordSRV - Initialization/ERROR]: [DiscordSRV] 	at github.scarsz.discordsrv.dependencies.jda.internal.JDAImpl.login(JDAImpl.java:300)
[12:51:29] [DiscordSRV - Initialization/ERROR]: [DiscordSRV] 	at github.scarsz.discordsrv.dependencies.jda.internal.JDAImpl.login(JDAImpl.java:267)
[12:51:29] [DiscordSRV - Initialization/ERROR]: [DiscordSRV] 	at github.scarsz.discordsrv.dependencies.jda.api.JDABuilder.build(JDABuilder.java:1874)
[12:51:29] [DiscordSRV - Initialization/ERROR]: [DiscordSRV] 	at github.scarsz.discordsrv.DiscordSRV.init(DiscordSRV.java:905)
[12:51:29] [DiscordSRV - Initialization/ERROR]: [DiscordSRV] 	at java.base/java.lang.Thread.run(Thread.java:840)
[12:51:54] [User Authenticator #1/INFO]: UUID of player yukiscratch44 is 52324a8a-b387-333d-b752-d3077aee73e2
[12:51:54] [Server thread/INFO]: yukiscratch44[/[0:0:0:0:0:0:0:1]:53296] logged in with entity id 38 at ([world]0.724467229602916, 4.0, 0.34948841389690155)
[12:51:54] [Craft Scheduler Thread - 1/WARN]: [DecoHeads] Failed to get resource info from spiget.org
java.io.FileNotFoundException: http://api.spiget.org/v2/resources/24655?ut=1737982314281
	at sun.net.www.protocol.http.HttpURLConnection.getInputStream0(HttpURLConnection.java:1996) ~[?:?]
	at sun.net.www.protocol.http.HttpURLConnection.getInputStream(HttpURLConnection.java:1589) ~[?:?]
	at me.rayzr522.decoheads.lib.updater.SpigetUpdateAbstract$1.run(SpigetUpdateAbstract.java:92) [DecoHeads-1.5.1.jar:?]
	at org.bukkit.craftbukkit.v1_8_R3.scheduler.CraftTask.run(CraftTask.java:59) [patched_1.8.8.jar:git-PandaSpigot-119]
	at org.bukkit.craftbukkit.v1_8_R3.scheduler.CraftAsyncTask.run(CraftAsyncTask.java:53) [patched_1.8.8.jar:git-PandaSpigot-119]
	at org.github.paperspigot.ServerSchedulerReportingWrapper.run(ServerSchedulerReportingWrapper.java:23) [patched_1.8.8.jar:git-PandaSpigot-119]
	at java.util.concurrent.ThreadPoolExecutor.runWorker(ThreadPoolExecutor.java:1136) [?:?]
	at java.util.concurrent.ThreadPoolExecutor$Worker.run(ThreadPoolExecutor.java:635) [?:?]
	at java.lang.Thread.run(Thread.java:840) [?:?]
[12:51:57] [Server thread/INFO]: yukiscratch44 lost connection: Disconnected
[12:51:57] [Server thread/INFO]: yukiscratch44 left the game.
[12:52:14] [Dynmap Render Thread/INFO]: [dynmap] Loading default resource pack
[12:55:48] [Server thread/INFO]: Plugins (24): CoreProtect, dynmap, WorldEdit, Lift, AdvancedBan, DecoHeads, Multiverse-Core, WorldGuard, CommandTimer, ResourcePackApi, Citizens, PluginPortal, Multiverse-Inventories, ImageOnMap, ViaVersion, Multiverse-Portals, ViaBackwards, ViaRewind, LuckPerms, ViaRewind-Legacy-Support, DiscordSRV, EmojiChat, Multiverse-NetherPortals, LPC
[12:57:26] [Thread-1/INFO]: Stopping server
